
Memory Configuration

Name             Origin             Length             Attributes
SRAM2            0x10000000         0x00004000         xrw
RAM              0x20000000         0x00010000         xrw
FLASH            0x08000000         0x00040000         xr
*default*        0x00000000         0xffffffff

Linker script and memory map

LOAD CMakeFiles/blinky_bare_metal_asm.dir/Src/blinky.s.obj
                0x20010000                        _estack = (ORIGIN (RAM) + LENGTH (RAM))
                0x00000200                        _Min_Heap_Size = 0x200
                0x00000400                        _Min_Stack_Size = 0x400

.isr_vector     0x08000000        0x8
                0x08000000                        . = ALIGN (0x4)
 *(.isr_vector)
 .isr_vector    0x08000000        0x8 CMakeFiles/blinky_bare_metal_asm.dir/Src/blinky.s.obj
                0x08000008                        . = ALIGN (0x4)

.text           0x08000008       0x40
                0x08000008                        . = ALIGN (0x4)
 *(.text)
 .text          0x08000008       0x40 CMakeFiles/blinky_bare_metal_asm.dir/Src/blinky.s.obj
                0x08000008                _start
                0x08000032                delay
 *(.text*)
 *(.glue_7)
 .glue_7        0x08000048        0x0 linker stubs
 *(.glue_7t)
 .glue_7t       0x08000048        0x0 linker stubs
 *(.eh_frame)
 *(.init)
 *(.fini)
                0x08000048                        . = ALIGN (0x4)
                0x08000048                        _etext = .

.vfp11_veneer   0x08000048        0x0
 .vfp11_veneer  0x08000048        0x0 linker stubs

.v4_bx          0x08000048        0x0
 .v4_bx         0x08000048        0x0 linker stubs

.iplt           0x08000048        0x0
 .iplt          0x08000048        0x0 CMakeFiles/blinky_bare_metal_asm.dir/Src/blinky.s.obj

.rel.dyn        0x08000048        0x0
 .rel.iplt      0x08000048        0x0 CMakeFiles/blinky_bare_metal_asm.dir/Src/blinky.s.obj

.rodata         0x08000048        0x0
                0x08000048                        . = ALIGN (0x4)
 *(.rodata)
 *(.rodata*)
                0x08000048                        . = ALIGN (0x4)

.ARM.extab      0x08000048        0x0
                0x08000048                        . = ALIGN (0x4)
 *(.ARM.extab* .gnu.linkonce.armextab.*)
                0x08000048                        . = ALIGN (0x4)

.ARM            0x08000048        0x0
                0x08000048                        . = ALIGN (0x4)
                0x08000048                        __exidx_start = .
 *(.ARM.exidx*)
                0x08000048                        __exidx_end = .
                0x08000048                        . = ALIGN (0x4)

.preinit_array  0x08000048        0x0
                0x08000048                        . = ALIGN (0x4)
                [!provide]                        PROVIDE (__preinit_array_start = .)
 *(.preinit_array*)
                [!provide]                        PROVIDE (__preinit_array_end = .)
                0x08000048                        . = ALIGN (0x4)

.init_array     0x08000048        0x0
                0x08000048                        . = ALIGN (0x4)
                [!provide]                        PROVIDE (__init_array_start = .)
 *(SORT_BY_NAME(.init_array.*))
 *(.init_array*)
                [!provide]                        PROVIDE (__init_array_end = .)
                0x08000048                        . = ALIGN (0x4)

.fini_array     0x08000048        0x0
                0x08000048                        . = ALIGN (0x4)
                [!provide]                        PROVIDE (__fini_array_start = .)
 *(SORT_BY_NAME(.fini_array.*))
 *(.fini_array*)
                [!provide]                        PROVIDE (__fini_array_end = .)
                0x08000048                        . = ALIGN (0x4)
                0x08000048                        _sidata = LOADADDR (.data)

.data           0x20000000        0x0 load address 0x08000048
                0x20000000                        . = ALIGN (0x4)
                0x20000000                        _sdata = .
 *(.data)
 .data          0x20000000        0x0 CMakeFiles/blinky_bare_metal_asm.dir/Src/blinky.s.obj
 *(.data*)
 *(.RamFunc)
 *(.RamFunc*)
                0x20000000                        . = ALIGN (0x4)
                0x20000000                        _edata = .

.igot.plt       0x20000000        0x0 load address 0x08000048
 .igot.plt      0x20000000        0x0 CMakeFiles/blinky_bare_metal_asm.dir/Src/blinky.s.obj
                0x20000000                        . = ALIGN (0x4)

.bss            0x20000000        0x0 load address 0x08000048
                0x20000000                        _sbss = .
                0x20000000                        __bss_start__ = _sbss
 *(.bss)
 .bss           0x20000000        0x0 CMakeFiles/blinky_bare_metal_asm.dir/Src/blinky.s.obj
 *(.bss*)
 *(COMMON)
                0x20000000                        . = ALIGN (0x4)
                0x20000000                        _ebss = .
                0x20000000                        __bss_end__ = _ebss

._user_heap_stack
                0x20000000      0x600 load address 0x08000048
                0x20000000                        . = ALIGN (0x8)
                [!provide]                        PROVIDE (end = .)
                [!provide]                        PROVIDE (_end = .)
                0x20000200                        . = (. + _Min_Heap_Size)
 *fill*         0x20000000      0x200 
                0x20000600                        . = (. + _Min_Stack_Size)
 *fill*         0x20000200      0x400 
                0x20000600                        . = ALIGN (0x8)

/DISCARD/
 libc.a(*)
 libm.a(*)
 libgcc.a(*)

.ARM.attributes
                0x00000000       0x25
 *(.ARM.attributes)
 .ARM.attributes
                0x00000000       0x25 CMakeFiles/blinky_bare_metal_asm.dir/Src/blinky.s.obj
OUTPUT(blinky_bare_metal_asm.elf elf32-littlearm)
LOAD linker stubs
LOAD C:/ST/STM32CubeCLT_1.15.1/GNU-tools-for-STM32/bin/../lib/gcc/arm-none-eabi/12.3.1/../../../../arm-none-eabi/lib/thumb/v7e-m+fp/hard\libc.a
LOAD C:/ST/STM32CubeCLT_1.15.1/GNU-tools-for-STM32/bin/../lib/gcc/arm-none-eabi/12.3.1/../../../../arm-none-eabi/lib/thumb/v7e-m+fp/hard\libm.a
LOAD C:/ST/STM32CubeCLT_1.15.1/GNU-tools-for-STM32/bin/../lib/gcc/arm-none-eabi/12.3.1/thumb/v7e-m+fp/hard\libgcc.a

.debug_line     0x00000000       0x61
 .debug_line    0x00000000       0x61 CMakeFiles/blinky_bare_metal_asm.dir/Src/blinky.s.obj

.debug_line_str
                0x00000000       0x9b
 .debug_line_str
                0x00000000       0x9b CMakeFiles/blinky_bare_metal_asm.dir/Src/blinky.s.obj

.debug_info     0x00000000       0x24
 .debug_info    0x00000000       0x24 CMakeFiles/blinky_bare_metal_asm.dir/Src/blinky.s.obj

.debug_abbrev   0x00000000       0x14
 .debug_abbrev  0x00000000       0x14 CMakeFiles/blinky_bare_metal_asm.dir/Src/blinky.s.obj

.debug_aranges  0x00000000       0x20
 .debug_aranges
                0x00000000       0x20 CMakeFiles/blinky_bare_metal_asm.dir/Src/blinky.s.obj

.debug_str      0x00000000       0xa9
 .debug_str     0x00000000       0xa9 CMakeFiles/blinky_bare_metal_asm.dir/Src/blinky.s.obj
